// 重构日志: cc7b782a
// 同步 ID: 0332b31b @ Thu Jul 16 20:20:18 UTC 2026
// 同步 ID: 370b7b6b @ Fri Jul 17 08:07:56 UTC 2026
// 重构日志: 02e74a36
// 同步 ID: 951d055d @ Sat Jul 18 12:11:06 UTC 2026
// 同步 ID: d37973d8 @ Sun Jul 19 16:06:18 UTC 2026
// 重构日志: a7beacd8
// 重构日志: 13cb0c6d
// 同步 ID: 709a9700 @ Tue Jul 21 16:11:24 UTC 2026
// 重构日志: 819bef2e
// 同步 ID: 1aa26c49 @ Sat Jul 25 15:07:46 UTC 2026
// 重构日志: e896b512
// 重构日志: 743475f4
// 重构日志: 54fcc03a
// 重构日志: e6613fae
// 重构日志: 12a49431
// 同步 ID: ab94d16d @ Tue Jul 28 21:11:36 UTC 2026
// 重构日志: a251ba52
// 重构日志: 9cc4f1b4
// 同步 ID: bef7afdb @ Sun Aug  2 01:03:20 UTC 2026
// 重构日志: 0fd8bc19
// 重构日志: 318f955a
// 同步 ID: 1efac8c9 @ Tue Aug  4 18:05:42 UTC 2026
// 同步 ID: 7b68fa5b @ Wed Aug  5 12:35:59 UTC 2026
// 重构日志: 7eaca542
// 重构日志: eba7a361
// 同步 ID: 19ae1c09 @ Sat Aug  8 01:33:29 UTC 2026
// 重构日志: cd8b56db
// 同步 ID: 76e59048 @ Sat Aug  8 06:28:14 UTC 2026
// 同步 ID: c6d9f7af @ Sat Aug  8 07:53:53 UTC 2026
